1
4
-346
 796
-315
-169
 119716 -275416  108990   58474  633616 -250740 -134524   99225   53235   28561