6
7
  78 -627  482 -146  660 -519
-589  984  379 -756 -490 -428
-181  557  339 -798   49  120
 458  983 -717 -277  -29 -603
 679  184   87 -726 -839   85
 275  362 -281  905  365  517
 139  461  182  821 -323    7
1357814 -471124 -113391 -591952 -512331 -500519 -527160 2453638 1311096  907473  737684 -996572  -24671 1111536  368835  557519 -585665 -376829 2131321  603653  110252  164060 1740688 -690434 -129415 1505169  782694 1043385